<area shape="rect" href="$a00002.html" title="An abstract search process." alt="" coords="265,597,441,965">
<area shape="rect" href="$a00023.html" title="{mets::subject\&lt; abstract_search \&gt;\n|# observers_m\l|+ ~subject()\l+ attach()\l+ detach()\l+ notify()\l# subject()\l}" alt="" coords="29,357,245,501">
<area shape="rect" href="$a00018.html" title="{mets::observer\&lt; abstract_search \&gt;\n||+ ~observer()\l+ update()\l# observer()\l}" alt="" coords="25,13,249,125">
<area shape="rect" href="$a00015.html" title="Neighborhood generator." alt="" coords="415,341,561,517">
<area shape="rect" href="$a00014.html" title="Move to be operated on a feasible solution." alt="" coords="352,5,443,133">
<area shape="rect" href="$a00008.html" title="interface of a feasible solution space to be searched with tabu search." alt="" coords="585,365,740,493">
<area shape="rect" href="$a00026.html" title="Function object expressing a termination criteria." alt="" coords="465,701,671,861">
<area shape="rect" href="$a00024.html" title="An abstract tabu list." alt="" coords="761,661,905,901">
<area shape="rect" href="$a00003.html" title="Function object expressing an aspiration criteria." alt="" coords="996,709,1193,853">
